// Jest Snapshot v1, https://goo.gl/fbAQLP

exports[`should render ArrowLeft 1`] = `
<svg
  class="w-6 h-6"
  fill="none"
  stroke="currentColor"
  viewBox="0 0 24 24"
  xmlns="http://www.w3.org/2000/svg"
>
  <path
    d="M7 16l-4-4m0 0l4-4m-4 4h18"
    stroke-linecap="round"
    stroke-linejoin="round"
    stroke-width="2"
  />
</svg>
`;
