// Jest Snapshot v1, https://goo.gl/fbAQLP

exports[`TODO 1`] = `true`;
